// Jest Snapshot v1, https://goo.gl/fbAQLP

exports[`Skills Page renders properly 1`] = `
"<div class=\\"page competences\\">
  <header class=\\"page-header\\">
    <div class=\\"container md padding-container\\">
      <prismic-rich-text-stub field=\\"\\" class=\\"page-header__title\\"></prismic-rich-text-stub>
    </div>
  </header>
  <main class=\\"page-body\\"></main>
</div>"
`;
