// Jest Snapshot v1, https://goo.gl/fbAQLP

exports[`Slice: Actions Zone When FT_DISABLE_PIX_PRO_LANGUAGE_SWITCHER is set to false it should display the language switcher 1`] = `
"<nav class=\\"actions-zone\\">
  <language-switcher-stub type=\\"with-dropdown\\"></language-switcher-stub>
  <ul></ul>
</nav>"
`;

exports[`Slice: Actions Zone When FT_DISABLE_PIX_PRO_LANGUAGE_SWITCHER is set to true it should not display the language switcher 1`] = `
"<nav class=\\"actions-zone\\">
  <language-switcher-stub type=\\"with-dropdown\\"></language-switcher-stub>
  <ul></ul>
</nav>"
`;
