// Jest Snapshot v1, https://goo.gl/fbAQLP

exports[`About Page renders properly 1`] = `
"<div class=\\"about\\">
  <hero-banner-stub slice=\\"[object Object]\\" sectionclass=\\"about__hero-banner\\" backgroundclass=\\"hero-banner__background\\" contentclass=\\"hero-banner__content\\" buttonclass=\\"hero-banner-content__button\\"></hero-banner-stub>
  <page-section-stub slice=\\"[object Object]\\" sectionclass=\\"about__mission\\" containerclass=\\"mission__container\\" flexcontainerclass=\\"mission-container__list\\" flexcontentclass=\\"mission-container-list__item\\" buttonclass=\\"section__button\\"></page-section-stub>
  <section-column-stub slice=\\"[object Object]\\" sectionclass=\\"about__goal\\" ulclass=\\"goal__list\\" liclass=\\"goal__item\\" rightclass=\\"goal__image\\"></section-column-stub>
  <page-section-stub slice=\\"[object Object]\\" sectionclass=\\"about__public-service\\" containerclass=\\"public-service__container\\" flexcontainerclass=\\"public-service-container__list\\" flexcontentclass=\\"public-service-container-list__item\\" buttonclass=\\"section__button\\"></page-section-stub>
  <page-section-stub slice=\\"[object Object]\\" sectionclass=\\"about__co-built-service\\" containerclass=\\"co-built-service__container\\" flexcontainerclass=\\"co-built-service-container__list\\" flexcontentclass=\\"co-built-service-container-list__item\\" buttonclass=\\"section__button\\"></page-section-stub>
</div>"
`;
