// Jest Snapshot v1, https://goo.gl/fbAQLP

exports[`Legal Notices Page renders properly 1`] = `
"<div class=\\"page legal-notices\\">
  <header class=\\"page-header\\">
    <div class=\\"container md padding-container\\">
      <prismic-rich-text-stub field=\\"[object Object]\\" class=\\"page-header__title\\"></prismic-rich-text-stub>
    </div>
  </header>
  <main class=\\"page-body\\">
    <section class=\\"section-editor container md padding-container\\">
      <prismic-rich-text-stub></prismic-rich-text-stub>
    </section>
    <section-slice-stub content=\\"[object Object]\\" sectionclass=\\"section-members-gip container md padding-container\\" containerclass=\\"legal-notices-members unstyled\\" flexcontainerclass=\\"legal-notices-members\\" flexcontentclass=\\"legal-notices-members__member\\" buttonclass=\\"\\"></section-slice-stub>
    <section class=\\"section-personnal-data container md padding-container\\">
      <prismic-rich-text-stub></prismic-rich-text-stub>
    </section>
  </main>
  <prismic-edit-button-stub></prismic-edit-button-stub>
</div>"
`;
