// Jest Snapshot v1, https://goo.gl/fbAQLP

exports[`School Education Page renders properly 1`] = `
"<div class=\\"school-education\\">
  <banner-stub slice=\\"[object Object]\\"></banner-stub>
  <slice-section-stub slice=\\"[object Object]\\" sectionclass=\\"section\\" containerclass=\\"section__container\\" flexcontainerclass=\\"section__flex-container\\" flexcontentclass=\\"section__flex-content\\" buttonclass=\\"section__button\\"></slice-section-stub>
  <slice-section-stub slice=\\"[object Object]\\" sectionclass=\\"school-education__innovation\\" containerclass=\\"section__container\\" flexcontainerclass=\\"school-education-innovation__flex-container\\" flexcontentclass=\\"school-education-innovation__flex-content\\" buttonclass=\\"section__button\\"></slice-section-stub>
  <slice-section-stub slice=\\"[object Object]\\" sectionclass=\\"school-education__student-support\\" containerclass=\\"section__container\\" flexcontainerclass=\\"school-education-student-support__flex-container\\" flexcontentclass=\\"school-education-student-support__flex-content\\" buttonclass=\\"section__button\\"></slice-section-stub>
  <slice-section-stub slice=\\"[object Object]\\" sectionclass=\\"section\\" containerclass=\\"section__container\\" flexcontainerclass=\\"section__flex-container\\" flexcontentclass=\\"section__flex-content\\" buttonclass=\\"section__button\\"></slice-section-stub>
  <slice-section-stub slice=\\"[object Object]\\" sectionid=\\"mise-en-place\\" sectionclass=\\"school-education__setting-up\\" containerclass=\\"section__container\\" flexcontainerclass=\\"school-education-setting-up__flex-container\\" flexcontentclass=\\"school-education-setting-up__flex-content\\" buttonclass=\\"section__button\\"></slice-section-stub>
  <slice-section-stub slice=\\"[object Object]\\" sectionclass=\\"section\\" containerclass=\\"section__container\\" flexcontainerclass=\\"section__flex-container\\" flexcontentclass=\\"section__flex-content\\" buttonclass=\\"section__button\\"></slice-section-stub> <video controls=\\"controls\\" poster=\\"https://images.prismic.io/pix-site/b9f4c26b-f454-422f-ae00-a2d56b060a92_pix-ambassadeurs-poster.png?auto=compress,format\\" class=\\"video-slice\\">
    <source src=\\"https://storage.gra.cloud.ovh.net/v1/AUTH_27c5a6d3d35841a5914c7fb9a8e96345/pix-videos/general/Pix-ambassadeurs.mp4\\" type=\\"video/mp4\\"></video>
  <slice-section-stub slice=\\"[object Object]\\" sectionclass=\\"section\\" containerclass=\\"section__container\\" flexcontainerclass=\\"section__flex-container\\" flexcontentclass=\\"section__flex-content\\" buttonclass=\\"section__button\\"></slice-section-stub>
  <slice-section-stub sectionid=\\"contenus-evaluation\\" sectionclass=\\"section\\" containerclass=\\"section__container\\" flexcontainerclass=\\"section__flex-container\\" flexcontentclass=\\"section__flex-content\\" buttonclass=\\"section__button\\"></slice-section-stub>
  <slice-section-stub sectionclass=\\"school-education__accompaniment\\" containerclass=\\"section__container\\" flexcontainerclass=\\"school-education-accompaniment__flex-container\\" flexcontentclass=\\"school-education-accompaniment__flex-content\\" buttonclass=\\"section__button\\"></slice-section-stub>
</div>"
`;
