// Jest Snapshot v1, https://goo.gl/fbAQLP

exports[`Component: Burger Menu Nav When FT_DISABLE_PIX_PRO_LANGUAGE_SWITCHER is set to false it should display the language switcher 1`] = `
"<div class=\\"burger-menu-nav\\">
  <burger-menu-nav-items-stub></burger-menu-nav-items-stub>
  <burger-menu-nav-items-stub is-action=\\"true\\"></burger-menu-nav-items-stub>
  <language-switcher-stub type=\\"only-text\\"></language-switcher-stub>
</div>"
`;

exports[`Component: Burger Menu Nav When FT_DISABLE_PIX_PRO_LANGUAGE_SWITCHER is set to true it should not display the language switcher 1`] = `
"<div class=\\"burger-menu-nav\\">
  <burger-menu-nav-items-stub></burger-menu-nav-items-stub>
  <burger-menu-nav-items-stub is-action=\\"true\\"></burger-menu-nav-items-stub>
  <language-switcher-stub type=\\"only-text\\"></language-switcher-stub>
</div>"
`;
