// Jest Snapshot v1, https://goo.gl/fbAQLP

exports[`Component: LocaleSwitcher when site is pix-pro should render the locale switcher correctly for pix-pro 1`] = `
<div
  class="locale-switcher"
>
  <button
    aria-expanded="true"
    aria-haspopup="true"
    class="locale-switcher__button"
    style="background: url(/images/flag-fr.svg) no-repeat left;"
  >
    
    
    
    <fa-stub
      class="locale-switcher-button__angle"
      icon="angle-up"
    />
  </button>
   
  <ul
    class="locale-switcher__dropdown-menu"
  >
    <li
      class=""
    >
      <div
        class="locale-switcher__locale"
      >
        <button
          class="locale-switcher-sub-menu-button"
        >
          <img
            alt=""
            class="locale-switcher__img"
            src="/images/globe-europe.svg"
          />
           
          <div
            class="locale__text"
          >
            
          </div>
           
          <fa-stub
            class="locale-switcher__icon locale-switcher-button__angle"
            icon="angle-right"
          />
        </button>
         
        <ul
          class="locale-switcher__dropdown-menu child"
        >
          <li
            class=""
          >
            <div
              class="locale-switcher__locale"
            >
              <a
                href="http://example.org/fr"
              >
                
        
      
              </a>
            </div>
          </li>
          <li
            class=""
          >
            <div
              class="locale-switcher__locale"
            >
              <a
                href="http://example.org/en"
              >
                
        
      
              </a>
            </div>
          </li>
        </ul>
      </div>
    </li>
    <li
      class=""
    >
      <div
        class="locale-switcher__locale"
      >
        <a
          href="http://example.org/fr-be"
        >
          <img
            alt=""
            class="locale-switcher__img"
            src="/images/flag-be.svg"
          />
           
          <div
            class="locale__text"
          >
            <div>
              
            </div>
          </div>
        </a>
      </div>
    </li>
    <li
      class="locale-switcher__dropdown-menu--active"
    >
      <div
        class="locale-switcher__locale"
      >
        <a
          href="http://example.fr/"
        >
          <img
            alt=""
            class="locale-switcher__img"
            src="/images/flag-fr.svg"
          />
           
          <div
            class="locale__text"
          >
            <div>
              
            </div>
          </div>
        </a>
      </div>
    </li>
  </ul>
   
  <span
    class="separator"
  />
</div>
`;

exports[`Component: LocaleSwitcher when site is pix-site should render the locale switcher correctly for pix-site 1`] = `
<div
  class="locale-switcher"
>
  <button
    aria-expanded="true"
    aria-haspopup="true"
    class="locale-switcher__button"
    style="background: url(/images/flag-fr.svg) no-repeat left;"
  >
    
    
    
    <fa-stub
      class="locale-switcher-button__angle"
      icon="angle-up"
    />
  </button>
   
  <ul
    class="locale-switcher__dropdown-menu"
  >
    <li
      class=""
    >
      <div
        class="locale-switcher__locale"
      >
        <button
          class="locale-switcher-sub-menu-button"
        >
          <img
            alt=""
            class="locale-switcher__img"
            src="/images/globe-europe.svg"
          />
           
          <div
            class="locale__text"
          >
            
          </div>
           
          <fa-stub
            class="locale-switcher__icon locale-switcher-button__angle"
            icon="angle-right"
          />
        </button>
         
        <ul
          class="locale-switcher__dropdown-menu child"
        >
          <li
            class=""
          >
            <div
              class="locale-switcher__locale"
            >
              <a
                href="http://example.org/fr"
              >
                
        
      
              </a>
            </div>
          </li>
          <li
            class=""
          >
            <div
              class="locale-switcher__locale"
            >
              <a
                href="http://example.org/en"
              >
                
        
      
              </a>
            </div>
          </li>
        </ul>
      </div>
    </li>
    <li
      class=""
    >
      <div
        class="locale-switcher__locale"
      >
        <a
          href="http://example.org/fr-be"
        >
          <img
            alt=""
            class="locale-switcher__img"
            src="/images/flag-be.svg"
          />
           
          <div
            class="locale__text"
          >
            <div>
              
            </div>
          </div>
        </a>
      </div>
    </li>
    <li
      class="locale-switcher__dropdown-menu--active"
    >
      <div
        class="locale-switcher__locale"
      >
        <a
          href="http://example.fr/"
        >
          <img
            alt=""
            class="locale-switcher__img"
            src="/images/flag-fr.svg"
          />
           
          <div
            class="locale__text"
          >
            <div>
              
            </div>
          </div>
        </a>
      </div>
    </li>
  </ul>
   
  <span
    class="separator"
  />
</div>
`;
